"sample","score_a","score_b","score_c"
"s1","2.0","3.0","4.0"
"s2","4.0","5.0","6.0"
"s3","6.0","7.0","8.0"
"s4","8.0","9.0","10.0"
